// Vitest Snapshot v1

exports[`toAttrs function > snapshot 1`] = `
[
  {
    "content": "https://lmmmmmm.me",
    "property": "og:url",
  },
  {
    "content": "_lmmmmmm",
    "property": "og:title",
  },
  {
    "content": "image.png",
    "property": "og:type",
  },
  {
    "content": "https://lmmmmmm.me/avatar.png",
    "property": "og:image",
  },
  {
    "content": "auto",
    "property": "og:determiner",
  },
  {
    "content": "_lmmmmmm, Front-end Developer.",
    "property": "og:description",
  },
  {
    "content": "zh_CN",
    "property": "og:locale",
  },
  [
    {
      "content": "fr_FR",
      "property": "og:locale:alternate",
    },
    {
      "content": "es_ES",
      "property": "og:locale:alternate",
    },
  ],
  {
    "content": "_lmmmmmm",
    "property": "og:site_name",
  },
  [
    {
      "content": "audio url",
      "property": "og:audio:url",
    },
    {
      "content": "audio secure url",
      "property": "og:audio:secure_url",
    },
    {
      "content": "video.movie",
      "property": "og:audio:type",
    },
  ],
  {
    "content": "video meta",
    "property": "og:video",
  },
]
`;

exports[`toAttrs function > snapshot 2`] = `
[
  {
    "content": "https://lmmmmmm.me/avatar.png",
    "name": "twitter:image",
  },
  {
    "content": "twitter image alt",
    "name": "twitter:image:alt",
  },
  {
    "content": "player",
    "name": "twitter:player",
  },
  {
    "content": "1200",
    "name": "twitter:player:width",
  },
  {
    "content": "600",
    "name": "twitter:player:height",
  },
  {
    "content": "player stream",
    "name": "twitter:player:stream",
  },
  [
    [
      {
        "content": "iphone name",
        "name": "twitter:app:name:iphone",
      },
      {
        "content": "ipad name",
        "name": "twitter:app:name:ipad",
      },
      {
        "content": "google play name",
        "name": "twitter:app:name:googleplay",
      },
    ],
    [
      {
        "content": "iphone url",
        "name": "twitter:app:id:iphone",
      },
      {
        "content": "ipad url",
        "name": "twitter:app:id:ipad",
      },
      {
        "content": "google play url",
        "name": "twitter:app:id:googleplay",
      },
    ],
    [
      {
        "content": "iphone url",
        "name": "twitter:app:url:iphone",
      },
      {
        "content": "ipad url",
        "name": "twitter:app:url:ipad",
      },
      {
        "content": "google play url",
        "name": "twitter:app:url:googleplay",
      },
    ],
  ],
]
`;
